HEJJE HARNESS  SIM   opus_trader v1.0  fill: replay · paper fills  HIST OK · 2 names · 2 quotes  latency p50 850ms p90 2100ms  skipped 1  10:12:00
capital ₹10,00,000.00
REPLAY 2026-09-09 day 1/1  ▶ PLAYING  ███░░░░░░░░░░░░░░░░░░░░░░░░░░░  42/375  speed 1:1 2:10 [3:60] 4:300 5:MAX  [space] play/pause [s] step [c] capital
⚠ bot opus_trader (knowledge cutoff 2026-11-01) may already know 1 of the session's days (2026-09-09)
regime UP × NORMAL · GAP_UP · pulse BULLISH MODERATE (62) · next decision in 3m0s
Day P&L              Open P&L             Total                Capital              In use               Free                 Risk/trade           Trades               Hit rate             
1,520.40             1,640.00             1,520.40             10,00,000.00         3,00,150.00          6,99,850.00          2,000.00             1                    0.0%                 
Expectancy           Profit factor        Max DD               Avg win              Avg loss             Avg hold             Friction             Loss halt            LLM                  
-0.06R               0.00                 119.60               —                    -119.60              10m                  119.60               5,000.00             41200 tok ₹12.35     
╭────────────────────────────────────────────────────────────────────╮╭────────────────────────────────────────────────────────────────────────────────────────────────────────────────────────────────╮
│ Equity                                                             ││ Positions                                                                                                                      │
│ ⠀⠀⠀⠀⠀⠀⠀⠀⠀⠀⠀⠀⠀⠀⠀⠀⠀⠀⠀⠀⠀⠀⠀⠀⠀⠀⠀⠀⠀⠀⠀⠀⠀⠀⠀⠀⠀⠀⠀⠀⠀⠀⠀⠀⠀⠀⠀⠀⠀⠀⠀⠀⠀⠀⠀⠀⠀⠀⠀⠀⠀⠀⠀⠀⠀⢸ ││ SYMBOL    SIDE  QTY  ENTRY    LTP      STOP      STOP@  NOTIONAL     OPEN P&L  R     MFE   MAE                                 │
│ ⠀⠀⠀⠀⠀⠀⠀⠀⠀⠀⠀⠀⠀⠀⠀⠀⠀⠀⠀⠀⠀⠀⠀⠀⠀⠀⠀⠀⠀⠀⠀⠀⠀⠀⠀⠀⠀⠀⠀⠀⠀⠀⠀⠀⠀⠀⠀⠀⠀⠀⠀⠀⠀⠀⠀⠀⠀⠀⠀⠀⠀⠀⠀⠀⠀⢸ ││ NSE:INFY  BUY   200  1500.75  1508.95  1,497.00  sim    3,00,150.00  1,640.00  0.76  9.25  -1.10                               │
│ ⠀⠀⠀⠀⠀⠀⠀⠀⠀⠀⠀⠀⠀⠀⠀⠀⠀⠀⠀⠀⠀⠀⠀⠀⠀⠀⠀⠀⠀⠀⠀⠀⠀⠀⠀⠀⠀⠀⠀⠀⠀⠀⠀⠀⠀⠀⠀⠀⠀⠀⠀⠀⠀⠀⠀⠀⠀⠀⠀⠀⠀⠀⠀⠀⠀⢸ ││   ↳ opening range holds above VWAP                                                                                             │
│ ⠀⠀⠀⠀⠀⠀⠀⠀⠀⠀⠀⠀⠀⠀⠀⠀⠀⠀⠀⠀⠀⠀⠀⠀⠀⠀⠀⠀⠀⠀⠀⠀⠀⠀⠀⠀⠀⠀⠀⠀⠀⠀⠀⠀⠀⠀⠀⠀⠀⢰⠒⠒⠒⠒⠒⠒⠒⠒⠒⠒⠒⠒⠒⠒⠒⠚ ││ working orders                                                                                                                 │
│ ⠀⠀⠀⠀⠀⠀⠀⠀⠀⠀⠀⠀⠀⠀⠀⠀⠀⠀⠀⠀⠀⠀⠀⠀⠀⠀⠀⠀⠀⠀⠀⠀⠀⠀⠀⠀⠀⠀⠀⠀⠀⠀⠀⠀⠀⠀⠀⠀⠀⢸⠀⠀⠀⠀⠀⠀⠀⠀⠀⠀⠀⠀⠀⠀⠀⠀ ││   NSE:INFY SELL SL_M ×200 trigger 1,497.00 limit 0.00 TRIGGER_PENDING                                                          │
│ ⠀⠀⠀⠀⠀⠀⠀⠀⠀⠀⠀⠀⠀⠀⠀⠀⠀⠀⠀⠀⠀⠀⠀⠀⠀⠀⠀⠀⠀⠀⠀⠀⠀⠀⠀⠀⠀⠀⠀⠀⠀⠀⠀⠀⠀⠀⠀⠀⠀⢸⠀⠀⠀⠀⠀⠀⠀⠀⠀⠀⠀⠀⠀⠀⠀⠀ ││                                                                                                                                │
│ ⠀⠀⠀⠀⠀⠀⠀⠀⠀⠀⠀⠀⠀⠀⠀⠀⠀⠀⠀⠀⠀⠀⠀⠀⠀⠀⠀⠀⠀⠀⠀⠀⠀⡖⠒⠒⠒⠒⠒⠒⠒⠒⠒⠒⠒⠒⠒⠒⠒⠚⠀⠀⠀⠀⠀⠀⠀⠀⠀⠀⠀⠀⠀⠀⠀⠀ ││                                                                                                                                │
│ ⠀⠀⠀⠀⠀⠀⠀⠀⠀⠀⠀⠀⠀⠀⠀⠀⠀⠀⠀⠀⠀⠀⠀⠀⠀⠀⠀⠀⠀⠀⠀⠀⠀⡇⠀⠀⠀⠀⠀⠀⠀⠀⠀⠀⠀⠀⠀⠀⠀⠀⠀⠀⠀⠀⠀⠀⠀⠀⠀⠀⠀⠀⠀⠀⠀⠀ ││                                                                                                                                │
│ ⠉⠉⠉⠉⠉⠉⠉⠉⠉⠉⠉⠉⠉⠉⠉⠉⢹⣀⣀⣀⣀⣀⣀⣀⣀⣀⣀⣀⣀⣀⣀⣀⣀⡇⠀⠀⠀⠀⠀⠀⠀⠀⠀⠀⠀⠀⠀⠀⠀⠀⠀⠀⠀⠀⠀⠀⠀⠀⠀⠀⠀⠀⠀⠀⠀⠀ ││                                                                                                                                │
│ last ₹10,01,520.40  peak ₹10,01,520.40  trough ₹9,99,880.40        ││                                                                                                                                │
╰────────────────────────────────────────────────────────────────────╯╰────────────────────────────────────────────────────────────────────────────────────────────────────────────────────────────────╯
╭────────────────────────────────────────────────────────────────────╮╭────────────────────────────────────────────────────────────────────────────────────────────────────────────────────────────────╮
│ Candidates                                                         ││ Trades                                                                                                                         │
│ long                                                               ││ TIME      LEG   SYMBOL   SIDE  QTY  ENTRY    EXIT     P&L      HOLD  EXIT BY  WHY              DECISION                        │
│ ▶ 1. NSE:INFY       0.82                                           ││ 09:35:00  long  NSE:TCS  BUY   40   4101.50  4100.00  -119.60  10m   MANUAL   gap fill failed  2c9e41aa @ 2026-09-09T03:55:00Z │
│   2. NSE:TCS        0.41                                           ││                                                                                                                                │
│ short                                                              ││                                                                                                                                │
│   1. NSE:SBIN       0.33                                           ││                                                                                                                                │
│                                                                    ││                                                                                                                                │
│                                                                    ││                                                                                                                                │
│                                                                    ││                                                                                                                                │
│                                                                    ││                                                                                                                                │
│                                                                    ││                                                                                                                                │
╰────────────────────────────────────────────────────────────────────╯╰────────────────────────────────────────────────────────────────────────────────────────────────────────────────────────────────╯
╭────────────────────────────────────────────────────────────────────╮╭────────────────────────────────────────────────────────────────────────────────────────────────────────────────────────────────╮
│ Log                                                                ││ Decisions                                                                                                                      │
│ 10:10:00 MOVE_STOP NSE:INFY → MOVED: stop moved to 1497.00         ││ TIME      STAGE     SYMBOL    ACTION      SCORES          CONF  LAT     OUTCOME                                                │
│ 09:55:00 ENTER_LONG NSE:INFY → EXECUTED: order 01a0 BROKER_ACCEPT… ││ 10:10:00  manage    NSE:INFY  MOVE_STOP   orb=1           0.70  910ms   MOVED                                                  │
│ 09:45:00 closed NSE:TCS MANUAL net -119.60                         ││ 10:05:00  manage    NSE:INFY  HOLD                        —     —       SKIPPED                                                │
│                                                                    ││ 09:55:00  breakout  NSE:INFY  ENTER_LONG  orb=1 vwap=0.6  0.70  2100ms  EXECUTED                                               │
│                                                                    ││                                                                                                                                │
│                                                                    ││                                                                                                                                │
│                                                                    ││                                                                                                                                │
│                                                                    ││                                                                                                                                │
│                                                                    ││                                                                                                                                │
│                                                                    ││                                                                                                                                │
│                                                                    ││                                                                                                                                │
╰────────────────────────────────────────────────────────────────────╯╰────────────────────────────────────────────────────────────────────────────────────────────────────────────────────────────────╯
[space] play/pause  [1-5] speed  [s] step  [c] capital  [tab] panel  [p] pause bot  [K] kill  [q] quit