NSE:INFY  1495.00  +1.2%   (session 2026-09-18)

RS 87   A/D B+   Technical composite 91   Group information-technology (rank 4)
Off high -3.2%   Off low +41.0%   Volume vs 50d +38.5%   Turnover 812.4 cr

  ⠀⠀⠀⠀⠀⠀⠀⠀⠀⠀⠀⠀⠀⠀⠀⠀⠀⠀⠀⠀⠀⠀⠀⠀⠀⠀⠀⠀⠀⠀⠀⠀⠀⠀⠀⠀⠀⠀⠀⠀⠀⠀⠀⠀⠀⠀⠀⠀⠀⠀⠀⠀⠀⠀⠀⡖⠒⠒⠒⠚
  ⠀⠀⠀⠀⠀⠀⠀⠀⠀⠀⠀⠀⠀⠀⠀⠀⠀⠀⠀⠀⠀⠀⠀⠀⠀⠀⠀⠀⠀⠀⠀⠀⠀⠀⠀⠀⠀⠀⠀⠀⠀⠀⠀⠀⠀⠀⡏⠉⠉⠉⠙⠒⠒⠒⠒⠃⠀⠀⠀⠀
  ⠀⠀⠀⠀⠀⠀⠀⠀⠀⠀⠀⠀⠀⠀⠀⠀⠀⠀⠀⠀⠀⠀⠀⠀⠀⠀⠀⠀⠀⠀⠀⠀⢠⠤⠤⠤⠤⡄⠀⠀⠀⢸⠉⠉⠉⠉⠁⠀⠀⠀⠀⠀⠀⠀⠀⠀⠀⠀⠀⠀
  ⠀⠀⠀⠀⠀⠀⠀⠀⠀⠀⠀⠀⠀⠀⠀⠀⠀⠀⠀⠀⠀⠀⠀⠀⠀⠀⠀⢠⠤⠤⠤⠤⠼⠀⠀⠀⠀⠉⠉⠉⠉⠉⠀⠀⠀⠀⠀⠀⠀⠀⠀⠀⠀⠀⠀⠀⠀⠀⠀⠀
  ⠀⠀⠀⠀⠀⠀⠀⠀⠀⠀⠀⠀⠀⠀⠀⠀⠀⠀⢀⣀⣀⣀⣀⡀⠀⠀⠀⢸⠀⠀⠀⠀⠀⠀⠀⠀⠀⠀⠀⠀⠀⠀⠀⠀⠀⠀⠀⠀⠀⠀⠀⠀⠀⠀⠀⠀⠀⠀⠀⠀
  ⠀⠀⠀⠀⠀⠀⠀⠀⠀⠀⠀⠀⠀⠀⠀⠀⠀⠀⢸⠀⠀⠀⠀⠓⠒⠒⠒⠚⠀⠀⠀⠀⠀⠀⠀⠀⠀⠀⠀⠀⠀⠀⠀⠀⠀⠀⠀⠀⠀⠀⠀⠀⠀⠀⠀⠀⠀⠀⠀⠀
  ⠀⠀⠀⠀⠀⣀⣀⣀⣀⣀⠀⠀⠀⠀⡏⠉⠉⠉⠉⠀⠀⠀⠀⠀⠀⠀⠀⠀⠀⠀⠀⠀⠀⠀⠀⠀⠀⠀⠀⠀⠀⠀⠀⠀⠀⠀⠀⠀⠀⠀⠀⠀⠀⠀⠀⠀⠀⠀⠀⠀
  ⣀⣀⣀⣀⣀⡇⠀⠀⠀⠘⠒⠒⠒⠒⠃⠀⠀⠀⠀⠀⠀⠀⠀⠀⠀⠀⠀⠀⠀⠀⠀⠀⠀⠀⠀⠀⠀⠀⠀⠀⠀⠀⠀⠀⠀⠀⠀⠀⠀⠀⠀⠀⠀⠀⠀⠀⠀⠀⠀⠀
  D1 closes, 14 sessions

FLAT_BASE  IN_BUY_ZONE since 2026-09-17 (detected 2026-09-02, depth 8.9%)
  pivot 1480.00   buy zone to 1554.00   stop 1376.40   goal 1776.00   (informational: Hejje does not trade it)

PAST SETUPS
  CUP_WITH_HANDLE  STOPPED    2026-03-11  -7.0% (-1.00 R)

DAILY ANALOGS  NSE:INFY  15-session window (2026-09-18)  40 matches, 244780 compared of 1210000 windows  quality STRONG (4.2/5)

FORWARD      N         HIGHER   MEDIAN          P25..P75      MAE      MFE  TAGS
5           40 27 of 40 (68%)   +1.24%   -0.80..  +2.10%   -1.10%   +1.90%  BULLISH_STRONG, reliability HIGH, risk MODERATE, NORMAL
10          40 22 of 40 (55%)   +0.90%   -2.20..  +3.40%   -1.90%   +2.80%  BULLISH, reliability HIGH, risk MODERATE, WIDE, OUTLIER

  ⠀⠀⠀⠀⠀⠀⠀⠀⠀⠀⠀⠀⠀⢠⠤⠤⠤⠤⠏⠉⠉⠉⠓⠒⠒⠒⢲⠀⠀⠀⠀⡤⠤⠤⠤⢤⠀⠀⠀⠀
  ⠀⠀⠀⠀⠀⠀⠀⠀⠀⣀⣀⣀⣀⣸⠀⠀⠀⠀⠀⠀⠀⠀⠀⠀⠀⠀⠈⠉⠉⠉⠉⠁⠀⠀⠀⠘⠒⠒⠒⠚
  ⠀⠀⠀⠀⢠⠤⠤⠤⠤⠇⠀⠀⠀⠀⠀⠀⠀⠀⠀⠀⠀⠀⠀⠀⠀⠀⠀⠀⠀⠀⠀⠀⠀⠀⠀⠀⠀⠀⠀⠀
  ⣀⣀⣀⣀⣸⠀⠀⠀⠀⠀⠀⠀⠀⠀⠀⠀⠀⠀⠀⠀⠀⠀⠀⠀⠀⠀⠀⠀⠀⠀⠀⠀⠀⠀⠀⠀⠀⠀⠀⠀
  average path of 40 matches over 10 sessions

sameMonth (5 sessions): 50% higher of 6, median +0.20%  |  other: 71% of 34, median +1.40%

  In 40 similar past 15-session windows, price ended higher over the next 5 sessions 27 times (68 %); the median move was +1.24 %.
  Takeaway: similar setups have historically leaned clearly higher over the next 5 sessions. This is historical context, not a forecast.
